[original] @main {
  x: int = const 4;
  jmp .label;
.label:
  copy1: int = id x;
  copy2: int = id copy1;
  copy3: int = id copy2;
  print copy3;
}

[optimized] @main {
  x: int = const 4;
  jmp .label;
.label:
  print x;
}

