[original] @main {
  a: int = const 100;
  a: int = const 42;
  print a;
}

[optimized] @main {
  a: int = const 42;
  print a;
}

